Long-term steady-state analysis (parameters from 5_dynamic_hybrid)

================================================================
Long-term steady state  —  MM_density_dependent_no
================================================================
  Sites with valid IC + static params: 6379
  Parameter steps: static_only → CUE → CUE+beta → CUE+beta+kb → CUE+beta+kb+Vmax_m → CUE+beta+kb+Vmax_m+Km_m → CUE+beta+kb+Vmax_m+Km_m+Vmax_p → CUE+beta+kb+Vmax_m+Km_m+Vmax_p+Km_p → CUE+beta+kb+Vmax_m+Km_m+Vmax_p+Km_p+tmb

  ── Step 0/8: static_only ──
  Integrating up to 15000 yr  (dt=1.0 yr) …
  Simulated vs analytical ΔSOC  R² = +nan
  Converged: 6053/6379  (94.9%)
  Convergence time  median=136.0 yr  mean=160.6 yr  [11.0, 13196.0]
  Warning: 136 sites with non-finite steady-state pools
  ΔSOC  median=-0.842  std=64813.910  [g C kg⁻¹]
  → figures/long_term/MM_density_dependent_no/static_only/delta_to_steady.png
  → figures/long_term/MM_density_dependent_no/static_only/time_to_steady.png
  → figures/long_term/MM_density_dependent_no/static_only/delta_soc_vs_time.png

  ── Step 1/8: CUE ──
  Training final parameter set (CUE) — no cache found …
    [CUE] step 200/2000  train_loss=0.4869  best_val=0.4049  (9s)
    [CUE] step 400/2000  train_loss=0.4797  best_val=0.4031  (12s)
    [CUE] step 600/2000  train_loss=0.5112  best_val=0.4029  (14s)
    [CUE] step 800/2000  train_loss=0.4644  best_val=0.4028  (16s)
    [CUE] step 1000/2000  train_loss=0.4376  best_val=0.4028  (18s)
    [CUE] step 1200/2000  train_loss=0.4261  best_val=0.4027  (20s)
    [CUE] step 1400/2000  train_loss=0.4652  best_val=0.4027  (23s)
    [CUE] step 1600/2000  train_loss=0.3974  best_val=0.4027  (25s)
    [CUE] step 1800/2000  train_loss=0.4953  best_val=0.4027  (27s)
    [CUE] step 2000/2000  train_loss=0.4623  best_val=0.4027  (29s)
    [CUE] val R²(ΔSOC)=-2.784  R²(slope)=-5.196  time=30s
  Cached weights → hybrid_outputs_dynamic/weights_MM_density_dependent_no_CUE.pkl
  Integrating up to 15000 yr  (dt=1.0 yr) …
  Simulated vs analytical ΔSOC  R² = +nan
  Converged: 6030/6379  (94.5%)
  Convergence time  median=259.0 yr  mean=298.2 yr  [13.0, 7426.0]
  Warning: 33 sites with non-finite steady-state pools
  ΔSOC  median=7.261  std=465.886  [g C kg⁻¹]
  → figures/long_term/MM_density_dependent_no/CUE/delta_to_steady.png
  → figures/long_term/MM_density_dependent_no/CUE/time_to_steady.png
  → figures/long_term/MM_density_dependent_no/CUE/delta_soc_vs_time.png

  ── Step 2/8: CUE+beta ──
  Training final parameter set (CUE+beta) — no cache found …
    [CUE+beta] step 200/2000  train_loss=0.3006  best_val=0.2434  (5s)
    [CUE+beta] step 400/2000  train_loss=0.2693  best_val=0.2427  (7s)
    [CUE+beta] step 600/2000  train_loss=0.3090  best_val=0.2427  (10s)
    [CUE+beta] step 800/2000  train_loss=0.2577  best_val=0.2427  (12s)
    [CUE+beta] early stop at step 900
    [CUE+beta] val R²(ΔSOC)=-0.632  R²(slope)=-11.562  time=14s
  Cached weights → hybrid_outputs_dynamic/weights_MM_density_dependent_no_CUE+beta.pkl
  Integrating up to 15000 yr  (dt=1.0 yr) …
  Simulated vs analytical ΔSOC  R² = +nan
  Converged: 7/6379  (0.1%)
  Convergence time  median=107.0 yr  mean=297.3 yr  [41.0, 841.0]
  Warning: 5 sites with non-finite steady-state pools
  ΔSOC  median=3775.408  std=1108.955  [g C kg⁻¹]
  → figures/long_term/MM_density_dependent_no/CUE+beta/delta_to_steady.png
  → figures/long_term/MM_density_dependent_no/CUE+beta/time_to_steady.png
  → figures/long_term/MM_density_dependent_no/CUE+beta/delta_soc_vs_time.png

  ── Step 3/8: CUE+beta+kb ──
  Training final parameter set (CUE+beta+kb) — no cache found …
    [CUE+beta+kb] step 200/2000  train_loss=0.2623  best_val=0.2212  (5s)
    [CUE+beta+kb] step 400/2000  train_loss=0.2537  best_val=0.2210  (7s)
    [CUE+beta+kb] step 600/2000  train_loss=0.2492  best_val=0.2039  (10s)
    [CUE+beta+kb] step 800/2000  train_loss=0.2170  best_val=0.1968  (12s)
    [CUE+beta+kb] step 1000/2000  train_loss=0.2302  best_val=0.1933  (14s)
    [CUE+beta+kb] step 1200/2000  train_loss=0.2359  best_val=0.1908  (16s)
    [CUE+beta+kb] step 1400/2000  train_loss=0.2299  best_val=0.1899  (19s)
    [CUE+beta+kb] step 1600/2000  train_loss=0.1720  best_val=0.1898  (21s)
    [CUE+beta+kb] step 1800/2000  train_loss=0.2265  best_val=0.1897  (23s)
    [CUE+beta+kb] step 2000/2000  train_loss=0.2071  best_val=0.1896  (25s)
    [CUE+beta+kb] val R²(ΔSOC)=+0.134  R²(slope)=-13.651  time=26s
  Cached weights → hybrid_outputs_dynamic/weights_MM_density_dependent_no_CUE+beta+kb.pkl
  Integrating up to 15000 yr  (dt=1.0 yr) …
  Simulated vs analytical ΔSOC  R² = +nan
  Converged: 2149/6379  (33.7%)
  Convergence time  median=173.0 yr  mean=224.4 yr  [13.0, 11014.0]
  Warning: 40 sites with non-finite steady-state pools
  ΔSOC  median=3025.095  std=2091.510  [g C kg⁻¹]
  → figures/long_term/MM_density_dependent_no/CUE+beta+kb/delta_to_steady.png
  → figures/long_term/MM_density_dependent_no/CUE+beta+kb/time_to_steady.png
  → figures/long_term/MM_density_dependent_no/CUE+beta+kb/delta_soc_vs_time.png

  ── Step 4/8: CUE+beta+kb+Vmax_m ──
  Training final parameter set (CUE+beta+kb+Vmax_m) — no cache found …
    [CUE+beta+kb+Vmax_m] step 200/2000  train_loss=0.2453  best_val=0.2202  (5s)
    [CUE+beta+kb+Vmax_m] step 400/2000  train_loss=0.2402  best_val=0.2197  (8s)
    [CUE+beta+kb+Vmax_m] step 600/2000  train_loss=0.2297  best_val=0.2029  (10s)
    [CUE+beta+kb+Vmax_m] step 800/2000  train_loss=0.2046  best_val=0.1997  (12s)
    [CUE+beta+kb+Vmax_m] step 1000/2000  train_loss=0.2093  best_val=0.1965  (14s)
    [CUE+beta+kb+Vmax_m] step 1200/2000  train_loss=0.2103  best_val=0.1950  (17s)
    [CUE+beta+kb+Vmax_m] step 1400/2000  train_loss=0.2179  best_val=0.1944  (19s)
    [CUE+beta+kb+Vmax_m] step 1600/2000  train_loss=0.1614  best_val=0.1942  (21s)
    [CUE+beta+kb+Vmax_m] step 1800/2000  train_loss=0.2122  best_val=0.1942  (23s)
    [CUE+beta+kb+Vmax_m] step 2000/2000  train_loss=0.1866  best_val=0.1942  (26s)
    [CUE+beta+kb+Vmax_m] val R²(ΔSOC)=+0.040  R²(slope)=-15.467  time=26s
  Cached weights → hybrid_outputs_dynamic/weights_MM_density_dependent_no_CUE+beta+kb+Vmax_m.pkl
  Integrating up to 15000 yr  (dt=1.0 yr) …
  Simulated vs analytical ΔSOC  R² = +nan
  Converged: 2761/6379  (43.3%)
  Convergence time  median=1050.0 yr  mean=3214.3 yr  [11.0, 14993.0]
  Warning: 16 sites with non-finite steady-state pools
  ΔSOC  median=2143.270  std=2068.409  [g C kg⁻¹]
  → figures/long_term/MM_density_dependent_no/CUE+beta+kb+Vmax_m/delta_to_steady.png
  → figures/long_term/MM_density_dependent_no/CUE+beta+kb+Vmax_m/time_to_steady.png
  → figures/long_term/MM_density_dependent_no/CUE+beta+kb+Vmax_m/delta_soc_vs_time.png

  ── Step 5/8: CUE+beta+kb+Vmax_m+Km_m ──
  Training final parameter set (CUE+beta+kb+Vmax_m+Km_m) — no cache found …
    [CUE+beta+kb+Vmax_m+Km_m] step 200/2000  train_loss=0.2453  best_val=0.2197  (5s)
    [CUE+beta+kb+Vmax_m+Km_m] step 400/2000  train_loss=0.2425  best_val=0.2152  (7s)
    [CUE+beta+kb+Vmax_m+Km_m] step 600/2000  train_loss=0.2291  best_val=0.2007  (10s)
    [CUE+beta+kb+Vmax_m+Km_m] step 800/2000  train_loss=0.2073  best_val=0.1984  (12s)
    [CUE+beta+kb+Vmax_m+Km_m] step 1000/2000  train_loss=0.2085  best_val=0.1947  (14s)
    [CUE+beta+kb+Vmax_m+Km_m] step 1200/2000  train_loss=0.2081  best_val=0.1945  (16s)
    [CUE+beta+kb+Vmax_m+Km_m] step 1400/2000  train_loss=0.2182  best_val=0.1945  (19s)
    [CUE+beta+kb+Vmax_m+Km_m] step 1600/2000  train_loss=0.1568  best_val=0.1943  (21s)
    [CUE+beta+kb+Vmax_m+Km_m] step 1800/2000  train_loss=0.2123  best_val=0.1943  (23s)
    [CUE+beta+kb+Vmax_m+Km_m] early stop at step 1900
    [CUE+beta+kb+Vmax_m+Km_m] val R²(ΔSOC)=+0.043  R²(slope)=-14.933  time=25s
  Cached weights → hybrid_outputs_dynamic/weights_MM_density_dependent_no_CUE+beta+kb+Vmax_m+Km_m.pkl
  Integrating up to 15000 yr  (dt=1.0 yr) …
  Simulated vs analytical ΔSOC  R² = +nan
  Converged: 2793/6379  (43.8%)
  Convergence time  median=854.0 yr  mean=3298.5 yr  [11.0, 14954.0]
  Warning: 14 sites with non-finite steady-state pools
  ΔSOC  median=1091.001  std=2032.580  [g C kg⁻¹]
  → figures/long_term/MM_density_dependent_no/CUE+beta+kb+Vmax_m+Km_m/delta_to_steady.png
  → figures/long_term/MM_density_dependent_no/CUE+beta+kb+Vmax_m+Km_m/time_to_steady.png
  → figures/long_term/MM_density_dependent_no/CUE+beta+kb+Vmax_m+Km_m/delta_soc_vs_time.png

  ── Step 6/8: CUE+beta+kb+Vmax_m+Km_m+Vmax_p ──
  Training final parameter set (CUE+beta+kb+Vmax_m+Km_m+Vmax_p) — no cache found …
    [CUE+beta+kb+Vmax_m+Km_m+Vmax_p] step 200/2000  train_loss=0.2398  best_val=0.2201  (5s)
    [CUE+beta+kb+Vmax_m+Km_m+Vmax_p] step 400/2000  train_loss=0.1967  best_val=0.1671  (7s)
    [CUE+beta+kb+Vmax_m+Km_m+Vmax_p] step 600/2000  train_loss=0.2022  best_val=0.1602  (10s)
    [CUE+beta+kb+Vmax_m+Km_m+Vmax_p] step 800/2000  train_loss=0.1659  best_val=0.1592  (12s)
    [CUE+beta+kb+Vmax_m+Km_m+Vmax_p] step 1000/2000  train_loss=0.1844  best_val=0.1592  (14s)
    [CUE+beta+kb+Vmax_m+Km_m+Vmax_p] step 1200/2000  train_loss=0.1674  best_val=0.1582  (16s)
    [CUE+beta+kb+Vmax_m+Km_m+Vmax_p] step 1400/2000  train_loss=0.1862  best_val=0.1580  (19s)
    [CUE+beta+kb+Vmax_m+Km_m+Vmax_p] step 1600/2000  train_loss=0.1285  best_val=0.1573  (21s)
    [CUE+beta+kb+Vmax_m+Km_m+Vmax_p] step 1800/2000  train_loss=0.1688  best_val=0.1572  (23s)
    [CUE+beta+kb+Vmax_m+Km_m+Vmax_p] step 2000/2000  train_loss=0.1610  best_val=0.1572  (25s)
    [CUE+beta+kb+Vmax_m+Km_m+Vmax_p] val R²(ΔSOC)=+0.310  R²(slope)=-13.754  time=26s
  Cached weights → hybrid_outputs_dynamic/weights_MM_density_dependent_no_CUE+beta+kb+Vmax_m+Km_m+Vmax_p.pkl
  Integrating up to 15000 yr  (dt=1.0 yr) …
  Simulated vs analytical ΔSOC  R² = +nan
  Converged: 4324/6379  (67.8%)
  Convergence time  median=1623.0 yr  mean=2078.8 yr  [39.0, 14981.0]
  Warning: 1 sites with non-finite steady-state pools
  ΔSOC  median=201.589  std=60048.996  [g C kg⁻¹]
  → figures/long_term/MM_density_dependent_no/CUE+beta+kb+Vmax_m+Km_m+Vmax_p/delta_to_steady.png
  → figures/long_term/MM_density_dependent_no/CUE+beta+kb+Vmax_m+Km_m+Vmax_p/time_to_steady.png
  → figures/long_term/MM_density_dependent_no/CUE+beta+kb+Vmax_m+Km_m+Vmax_p/delta_soc_vs_time.png

  ── Step 7/8: CUE+beta+kb+Vmax_m+Km_m+Vmax_p+Km_p ──
  Training final parameter set (CUE+beta+kb+Vmax_m+Km_m+Vmax_p+Km_p) — no cache found …
    [CUE+beta+kb+Vmax_m+Km_m+Vmax_p+Km_p] step 200/2000  train_loss=0.2319  best_val=0.2126  (5s)
    [CUE+beta+kb+Vmax_m+Km_m+Vmax_p+Km_p] step 400/2000  train_loss=0.1922  best_val=0.1664  (8s)
    [CUE+beta+kb+Vmax_m+Km_m+Vmax_p+Km_p] step 600/2000  train_loss=0.1943  best_val=0.1606  (10s)
    [CUE+beta+kb+Vmax_m+Km_m+Vmax_p+Km_p] step 800/2000  train_loss=0.1640  best_val=0.1578  (12s)
    [CUE+beta+kb+Vmax_m+Km_m+Vmax_p+Km_p] step 1000/2000  train_loss=0.1822  best_val=0.1578  (14s)
    [CUE+beta+kb+Vmax_m+Km_m+Vmax_p+Km_p] step 1200/2000  train_loss=0.1646  best_val=0.1575  (16s)
    [CUE+beta+kb+Vmax_m+Km_m+Vmax_p+Km_p] step 1400/2000  train_loss=0.1855  best_val=0.1570  (19s)
    [CUE+beta+kb+Vmax_m+Km_m+Vmax_p+Km_p] step 1600/2000  train_loss=0.1252  best_val=0.1570  (21s)
    [CUE+beta+kb+Vmax_m+Km_m+Vmax_p+Km_p] early stop at step 1750
    [CUE+beta+kb+Vmax_m+Km_m+Vmax_p+Km_p] val R²(ΔSOC)=+0.297  R²(slope)=-14.088  time=23s
  Cached weights → hybrid_outputs_dynamic/weights_MM_density_dependent_no_CUE+beta+kb+Vmax_m+Km_m+Vmax_p+Km_p.pkl
  Integrating up to 15000 yr  (dt=1.0 yr) …
  Simulated vs analytical ΔSOC  R² = +nan
  Converged: 4792/6379  (75.1%)
  Convergence time  median=2109.5 yr  mean=2426.8 yr  [16.0, 14957.0]
  Warning: 1 sites with non-finite steady-state pools
  ΔSOC  median=257.589  std=350586.094  [g C kg⁻¹]
  → figures/long_term/MM_density_dependent_no/CUE+beta+kb+Vmax_m+Km_m+Vmax_p+Km_p/delta_to_steady.png
  → figures/long_term/MM_density_dependent_no/CUE+beta+kb+Vmax_m+Km_m+Vmax_p+Km_p/time_to_steady.png
  → figures/long_term/MM_density_dependent_no/CUE+beta+kb+Vmax_m+Km_m+Vmax_p+Km_p/delta_soc_vs_time.png

  ── Step 8/8: CUE+beta+kb+Vmax_m+Km_m+Vmax_p+Km_p+tmb (final) ──
  Loading cached weights: hybrid_outputs_dynamic/weights_MM_density_dependent_no_CUE+beta+kb+Vmax_m+Km_m+Vmax_p+Km_p+tmb.pkl
  Integrating up to 15000 yr  (dt=1.0 yr) …
  Simulated vs analytical ΔSOC  R² = +0.001
  Converged: 4877/6379  (76.5%)
  Convergence time  median=2098.0 yr  mean=2600.5 yr  [29.0, 14977.0]
  ΔSOC  median=253.304  std=1609.053  [g C kg⁻¹]
  → figures/long_term/MM_density_dependent_no/CUE+beta+kb+Vmax_m+Km_m+Vmax_p+Km_p+tmb/delta_to_steady.png
  → figures/long_term/MM_density_dependent_no/CUE+beta+kb+Vmax_m+Km_m+Vmax_p+Km_p+tmb/time_to_steady.png
  → figures/long_term/MM_density_dependent_no/CUE+beta+kb+Vmax_m+Km_m+Vmax_p+Km_p+tmb/delta_soc_vs_time.png

  Finished MM_density_dependent_no (9 steps) in 193s  →  figures/long_term/MM_density_dependent_no

================================================================
Long-term steady state  —  RMM_density_dependent_no
================================================================
  Sites with valid IC + static params: 6379
  Parameter steps: static_only → CUE → CUE+kb → CUE+kb+beta → CUE+kb+beta+Vmax_m → CUE+kb+beta+Vmax_m+Km_m → CUE+kb+beta+Vmax_m+Km_m+Vmax_p → CUE+kb+beta+Vmax_m+Km_m+Vmax_p+Km_p → CUE+kb+beta+Vmax_m+Km_m+Vmax_p+Km_p+tmb

  ── Step 0/8: static_only ──
  Integrating up to 15000 yr  (dt=1.0 yr) …
  Simulated vs analytical ΔSOC  R² = +nan
  Converged: 6069/6379  (95.1%)
  Convergence time  median=136.0 yr  mean=159.1 yr  [11.0, 9008.0]
  Warning: 160 sites with non-finite steady-state pools
  ΔSOC  median=-0.853  std=141.190  [g C kg⁻¹]
  → figures/long_term/RMM_density_dependent_no/static_only/delta_to_steady.png
  → figures/long_term/RMM_density_dependent_no/static_only/time_to_steady.png
  → figures/long_term/RMM_density_dependent_no/static_only/delta_soc_vs_time.png

  ── Step 1/8: CUE ──
  Training final parameter set (CUE) — no cache found …
    [CUE] step 200/2000  train_loss=0.4863  best_val=0.4077  (4s)
    [CUE] step 400/2000  train_loss=0.4814  best_val=0.4058  (6s)
    [CUE] step 600/2000  train_loss=0.5143  best_val=0.4056  (9s)
    [CUE] step 800/2000  train_loss=0.4668  best_val=0.4055  (11s)
    [CUE] step 1000/2000  train_loss=0.4401  best_val=0.4055  (13s)
    [CUE] step 1200/2000  train_loss=0.4283  best_val=0.4055  (15s)
    [CUE] step 1400/2000  train_loss=0.4674  best_val=0.4055  (17s)
    [CUE] step 1600/2000  train_loss=0.3989  best_val=0.4055  (20s)
    [CUE] step 1800/2000  train_loss=0.4966  best_val=0.4055  (22s)
    [CUE] step 2000/2000  train_loss=0.4632  best_val=0.4055  (24s)
    [CUE] val R²(ΔSOC)=-2.843  R²(slope)=-5.103  time=24s
  Cached weights → hybrid_outputs_dynamic/weights_RMM_density_dependent_no_CUE.pkl
  Integrating up to 15000 yr  (dt=1.0 yr) …
  Simulated vs analytical ΔSOC  R² = +nan
  Converged: 6039/6379  (94.7%)
  Convergence time  median=258.0 yr  mean=290.3 yr  [12.0, 9615.0]
  Warning: 45 sites with non-finite steady-state pools
  ΔSOC  median=7.015  std=236.416  [g C kg⁻¹]
  → figures/long_term/RMM_density_dependent_no/CUE/delta_to_steady.png
  → figures/long_term/RMM_density_dependent_no/CUE/time_to_steady.png
  → figures/long_term/RMM_density_dependent_no/CUE/delta_soc_vs_time.png

  ── Step 2/8: CUE+kb ──
  Training final parameter set (CUE+kb) — no cache found …
    [CUE+kb] step 200/2000  train_loss=0.4083  best_val=0.3496  (5s)
    [CUE+kb] step 400/2000  train_loss=0.3971  best_val=0.3480  (7s)
    [CUE+kb] step 600/2000  train_loss=0.4266  best_val=0.3478  (9s)
    [CUE+kb] step 800/2000  train_loss=0.3877  best_val=0.3477  (11s)
    [CUE+kb] step 1000/2000  train_loss=0.3690  best_val=0.3477  (13s)
    [CUE+kb] step 1200/2000  train_loss=0.3528  best_val=0.3476  (16s)
    [CUE+kb] step 1400/2000  train_loss=0.3884  best_val=0.3476  (18s)
    [CUE+kb] step 1600/2000  train_loss=0.3288  best_val=0.3476  (20s)
    [CUE+kb] step 1800/2000  train_loss=0.4095  best_val=0.3476  (22s)
    [CUE+kb] step 2000/2000  train_loss=0.3788  best_val=0.3476  (24s)
    [CUE+kb] val R²(ΔSOC)=-1.841  R²(slope)=-7.306  time=25s
  Cached weights → hybrid_outputs_dynamic/weights_RMM_density_dependent_no_CUE+kb.pkl
  Integrating up to 15000 yr  (dt=1.0 yr) …
  Simulated vs analytical ΔSOC  R² = +nan
  Converged: 6038/6379  (94.7%)
  Convergence time  median=286.0 yr  mean=327.4 yr  [13.0, 6431.0]
  Warning: 63 sites with non-finite steady-state pools
  ΔSOC  median=11.251  std=243.000  [g C kg⁻¹]
  → figures/long_term/RMM_density_dependent_no/CUE+kb/delta_to_steady.png
  → figures/long_term/RMM_density_dependent_no/CUE+kb/time_to_steady.png
  → figures/long_term/RMM_density_dependent_no/CUE+kb/delta_soc_vs_time.png

  ── Step 3/8: CUE+kb+beta ──
  Training final parameter set (CUE+kb+beta) — no cache found …
    [CUE+kb+beta] step 200/2000  train_loss=0.2636  best_val=0.2218  (5s)
    [CUE+kb+beta] step 400/2000  train_loss=0.2516  best_val=0.2214  (7s)
    [CUE+kb+beta] step 600/2000  train_loss=0.2594  best_val=0.2214  (9s)
    [CUE+kb+beta] step 800/2000  train_loss=0.2305  best_val=0.2195  (12s)
    [CUE+kb+beta] step 1000/2000  train_loss=0.2315  best_val=0.2076  (14s)
    [CUE+kb+beta] step 1200/2000  train_loss=0.2546  best_val=0.2040  (16s)
    [CUE+kb+beta] step 1400/2000  train_loss=0.2445  best_val=0.2040  (18s)
    [CUE+kb+beta] step 1600/2000  train_loss=0.1753  best_val=0.2040  (20s)
    [CUE+kb+beta] step 1800/2000  train_loss=0.2330  best_val=0.2040  (22s)
    [CUE+kb+beta] early stop at step 1850
    [CUE+kb+beta] val R²(ΔSOC)=-0.031  R²(slope)=-16.788  time=23s
  Cached weights → hybrid_outputs_dynamic/weights_RMM_density_dependent_no_CUE+kb+beta.pkl
  Integrating up to 15000 yr  (dt=1.0 yr) …
  Simulated vs analytical ΔSOC  R² = +nan
  Converged: 1931/6379  (30.3%)
  Convergence time  median=164.0 yr  mean=206.7 yr  [11.0, 4232.0]
  Warning: 129 sites with non-finite steady-state pools
  ΔSOC  median=3054.568  std=2034.944  [g C kg⁻¹]
  → figures/long_term/RMM_density_dependent_no/CUE+kb+beta/delta_to_steady.png
  → figures/long_term/RMM_density_dependent_no/CUE+kb+beta/time_to_steady.png
  → figures/long_term/RMM_density_dependent_no/CUE+kb+beta/delta_soc_vs_time.png

  ── Step 4/8: CUE+kb+beta+Vmax_m ──
  Training final parameter set (CUE+kb+beta+Vmax_m) — no cache found …
    [CUE+kb+beta+Vmax_m] step 200/2000  train_loss=0.2456  best_val=0.2201  (5s)
    [CUE+kb+beta+Vmax_m] step 400/2000  train_loss=0.2371  best_val=0.2137  (7s)
    [CUE+kb+beta+Vmax_m] step 600/2000  train_loss=0.2297  best_val=0.2012  (9s)
    [CUE+kb+beta+Vmax_m] step 800/2000  train_loss=0.2051  best_val=0.1990  (11s)
    [CUE+kb+beta+Vmax_m] step 1000/2000  train_loss=0.2085  best_val=0.1963  (13s)
    [CUE+kb+beta+Vmax_m] step 1200/2000  train_loss=0.2121  best_val=0.1951  (16s)
    [CUE+kb+beta+Vmax_m] step 1400/2000  train_loss=0.2192  best_val=0.1951  (18s)
    [CUE+kb+beta+Vmax_m] step 1600/2000  train_loss=0.1599  best_val=0.1948  (20s)
    [CUE+kb+beta+Vmax_m] step 1800/2000  train_loss=0.2137  best_val=0.1947  (22s)
    [CUE+kb+beta+Vmax_m] step 2000/2000  train_loss=0.1869  best_val=0.1947  (24s)
/Net/Groups/BGI/people/leorossd/Hybrid-Craig-and-Dynamic-LUCAS/5_dynamic_hybrid.py:255: RuntimeWarning: overflow encountered in square
  ss_res = float(np.sum((target - pred) ** 2))
/Net/Groups/BGI/people/leorossd/mamba_envs/envs/hybrid-lucas/lib/python3.11/site-packages/numpy/lib/_nanfunctions_impl.py:1850: RuntimeWarning: overflow encountered in multiply
  sqr = np.multiply(arr, arr, out=arr, where=where)
    [CUE+kb+beta+Vmax_m] val R²(ΔSOC)=+0.054  R²(slope)=-15.701  time=25s
  Cached weights → hybrid_outputs_dynamic/weights_RMM_density_dependent_no_CUE+kb+beta+Vmax_m.pkl
  Integrating up to 15000 yr  (dt=1.0 yr) …
  Simulated vs analytical ΔSOC  R² = +nan
  Converged: 2810/6379  (44.1%)
  Convergence time  median=1253.0 yr  mean=3267.6 yr  [11.0, 14935.0]
  Warning: 57 sites with non-finite steady-state pools
  ΔSOC  median=1447.594  std=inf  [g C kg⁻¹]
  → figures/long_term/RMM_density_dependent_no/CUE+kb+beta+Vmax_m/delta_to_steady.png
  → figures/long_term/RMM_density_dependent_no/CUE+kb+beta+Vmax_m/time_to_steady.png
  → figures/long_term/RMM_density_dependent_no/CUE+kb+beta+Vmax_m/delta_soc_vs_time.png

  ── Step 5/8: CUE+kb+beta+Vmax_m+Km_m ──
  Training final parameter set (CUE+kb+beta+Vmax_m+Km_m) — no cache found …
    [CUE+kb+beta+Vmax_m+Km_m] step 200/2000  train_loss=0.2448  best_val=0.2193  (5s)
    [CUE+kb+beta+Vmax_m+Km_m] step 400/2000  train_loss=0.2247  best_val=0.2044  (7s)
    [CUE+kb+beta+Vmax_m+Km_m] step 600/2000  train_loss=0.2270  best_val=0.2008  (9s)
    [CUE+kb+beta+Vmax_m+Km_m] step 800/2000  train_loss=0.2043  best_val=0.1987  (11s)
    [CUE+kb+beta+Vmax_m+Km_m] step 1000/2000  train_loss=0.2082  best_val=0.1979  (13s)
    [CUE+kb+beta+Vmax_m+Km_m] step 1200/2000  train_loss=0.2118  best_val=0.1969  (15s)
    [CUE+kb+beta+Vmax_m+Km_m] step 1400/2000  train_loss=0.2217  best_val=0.1969  (18s)
    [CUE+kb+beta+Vmax_m+Km_m] step 1600/2000  train_loss=0.1618  best_val=0.1965  (20s)
    [CUE+kb+beta+Vmax_m+Km_m] step 1800/2000  train_loss=0.2178  best_val=0.1964  (22s)
    [CUE+kb+beta+Vmax_m+Km_m] step 2000/2000  train_loss=0.1903  best_val=0.1964  (25s)
    [CUE+kb+beta+Vmax_m+Km_m] val R²(ΔSOC)=+0.028  R²(slope)=-15.201  time=25s
  Cached weights → hybrid_outputs_dynamic/weights_RMM_density_dependent_no_CUE+kb+beta+Vmax_m+Km_m.pkl
  Integrating up to 15000 yr  (dt=1.0 yr) …
  Simulated vs analytical ΔSOC  R² = +nan
  Converged: 2725/6379  (42.7%)
  Convergence time  median=904.0 yr  mean=3090.6 yr  [11.0, 14971.0]
  Warning: 57 sites with non-finite steady-state pools
  ΔSOC  median=2217.650  std=inf  [g C kg⁻¹]
  → figures/long_term/RMM_density_dependent_no/CUE+kb+beta+Vmax_m+Km_m/delta_to_steady.png
  → figures/long_term/RMM_density_dependent_no/CUE+kb+beta+Vmax_m+Km_m/time_to_steady.png
  → figures/long_term/RMM_density_dependent_no/CUE+kb+beta+Vmax_m+Km_m/delta_soc_vs_time.png

  ── Step 6/8: CUE+kb+beta+Vmax_m+Km_m+Vmax_p ──
  Training final parameter set (CUE+kb+beta+Vmax_m+Km_m+Vmax_p) — no cache found …
    [CUE+kb+beta+Vmax_m+Km_m+Vmax_p] step 200/2000  train_loss=0.2407  best_val=0.2205  (5s)
    [CUE+kb+beta+Vmax_m+Km_m+Vmax_p] step 400/2000  train_loss=0.1961  best_val=0.1674  (7s)
    [CUE+kb+beta+Vmax_m+Km_m+Vmax_p] step 600/2000  train_loss=0.2022  best_val=0.1621  (10s)
    [CUE+kb+beta+Vmax_m+Km_m+Vmax_p] step 800/2000  train_loss=0.1668  best_val=0.1612  (12s)
    [CUE+kb+beta+Vmax_m+Km_m+Vmax_p] step 1000/2000  train_loss=0.1846  best_val=0.1607  (14s)
    [CUE+kb+beta+Vmax_m+Km_m+Vmax_p] step 1200/2000  train_loss=0.1736  best_val=0.1598  (16s)
    [CUE+kb+beta+Vmax_m+Km_m+Vmax_p] step 1400/2000  train_loss=0.1892  best_val=0.1596  (19s)
    [CUE+kb+beta+Vmax_m+Km_m+Vmax_p] step 1600/2000  train_loss=0.1319  best_val=0.1588  (21s)
    [CUE+kb+beta+Vmax_m+Km_m+Vmax_p] step 1800/2000  train_loss=0.1779  best_val=0.1586  (23s)
    [CUE+kb+beta+Vmax_m+Km_m+Vmax_p] step 2000/2000  train_loss=0.1668  best_val=0.1586  (25s)
    [CUE+kb+beta+Vmax_m+Km_m+Vmax_p] val R²(ΔSOC)=+0.313  R²(slope)=-15.133  time=26s
  Cached weights → hybrid_outputs_dynamic/weights_RMM_density_dependent_no_CUE+kb+beta+Vmax_m+Km_m+Vmax_p.pkl
  Integrating up to 15000 yr  (dt=1.0 yr) …
  Simulated vs analytical ΔSOC  R² = +nan
  Converged: 4291/6379  (67.3%)
  Convergence time  median=1219.0 yr  mean=1476.3 yr  [42.0, 14608.0]
  Warning: 4 sites with non-finite steady-state pools
  ΔSOC  median=164.079  std=1807.099  [g C kg⁻¹]
  → figures/long_term/RMM_density_dependent_no/CUE+kb+beta+Vmax_m+Km_m+Vmax_p/delta_to_steady.png
  → figures/long_term/RMM_density_dependent_no/CUE+kb+beta+Vmax_m+Km_m+Vmax_p/time_to_steady.png
  → figures/long_term/RMM_density_dependent_no/CUE+kb+beta+Vmax_m+Km_m+Vmax_p/delta_soc_vs_time.png

  ── Step 7/8: CUE+kb+beta+Vmax_m+Km_m+Vmax_p+Km_p ──
  Training final parameter set (CUE+kb+beta+Vmax_m+Km_m+Vmax_p+Km_p) — no cache found …
    [CUE+kb+beta+Vmax_m+Km_m+Vmax_p+Km_p] step 200/2000  train_loss=0.2338  best_val=0.2132  (5s)
    [CUE+kb+beta+Vmax_m+Km_m+Vmax_p+Km_p] step 400/2000  train_loss=0.1926  best_val=0.1658  (7s)
    [CUE+kb+beta+Vmax_m+Km_m+Vmax_p+Km_p] step 600/2000  train_loss=0.2017  best_val=0.1596  (9s)
    [CUE+kb+beta+Vmax_m+Km_m+Vmax_p+Km_p] step 800/2000  train_loss=0.1654  best_val=0.1589  (11s)
    [CUE+kb+beta+Vmax_m+Km_m+Vmax_p+Km_p] step 1000/2000  train_loss=0.1834  best_val=0.1589  (13s)
    [CUE+kb+beta+Vmax_m+Km_m+Vmax_p+Km_p] early stop at step 1050
    [CUE+kb+beta+Vmax_m+Km_m+Vmax_p+Km_p] val R²(ΔSOC)=+0.302  R²(slope)=-16.443  time=14s
  Cached weights → hybrid_outputs_dynamic/weights_RMM_density_dependent_no_CUE+kb+beta+Vmax_m+Km_m+Vmax_p+Km_p.pkl
  Integrating up to 15000 yr  (dt=1.0 yr) …
  Simulated vs analytical ΔSOC  R² = +nan
  Converged: 5107/6379  (80.1%)
  Convergence time  median=1776.0 yr  mean=2158.6 yr  [21.0, 14964.0]
  Warning: 1 sites with non-finite steady-state pools
  ΔSOC  median=215.419  std=1497.967  [g C kg⁻¹]
  → figures/long_term/RMM_density_dependent_no/CUE+kb+beta+Vmax_m+Km_m+Vmax_p+Km_p/delta_to_steady.png
  → figures/long_term/RMM_density_dependent_no/CUE+kb+beta+Vmax_m+Km_m+Vmax_p+Km_p/time_to_steady.png
  → figures/long_term/RMM_density_dependent_no/CUE+kb+beta+Vmax_m+Km_m+Vmax_p+Km_p/delta_soc_vs_time.png

  ── Step 8/8: CUE+kb+beta+Vmax_m+Km_m+Vmax_p+Km_p+tmb (final) ──
  Loading cached weights: hybrid_outputs_dynamic/weights_RMM_density_dependent_no_CUE+kb+beta+Vmax_m+Km_m+Vmax_p+Km_p+tmb.pkl
  Integrating up to 15000 yr  (dt=1.0 yr) …
  Simulated vs analytical ΔSOC  R² = +nan
  Converged: 4967/6379  (77.9%)
  Convergence time  median=1716.0 yr  mean=2085.7 yr  [33.0, 14823.0]
  Warning: 2 sites with non-finite steady-state pools
  ΔSOC  median=213.026  std=1563.066  [g C kg⁻¹]
  → figures/long_term/RMM_density_dependent_no/CUE+kb+beta+Vmax_m+Km_m+Vmax_p+Km_p+tmb/delta_to_steady.png
  → figures/long_term/RMM_density_dependent_no/CUE+kb+beta+Vmax_m+Km_m+Vmax_p+Km_p+tmb/time_to_steady.png
  → figures/long_term/RMM_density_dependent_no/CUE+kb+beta+Vmax_m+Km_m+Vmax_p+Km_p+tmb/delta_soc_vs_time.png

  Finished RMM_density_dependent_no (9 steps) in 175s  →  figures/long_term/RMM_density_dependent_no

Done.
